
======================================================================
≡ƒº¬ DIALOGUE STATE MANAGER - COMPREHENSIVE TEST SUITE
======================================================================
Using AI-powered intent classification (LangChain/LangGraph)
======================================================================


ΓöÇΓöÇΓöÇΓöÇΓöÇΓöÇΓöÇΓöÇΓöÇΓöÇΓöÇΓöÇΓöÇΓöÇΓöÇΓöÇΓöÇΓöÇΓöÇΓöÇΓöÇΓöÇΓöÇΓöÇΓöÇΓöÇΓöÇΓöÇΓöÇΓöÇΓöÇΓöÇΓöÇΓöÇΓöÇΓöÇΓöÇΓöÇΓöÇΓöÇΓöÇΓöÇΓöÇΓöÇΓöÇΓöÇΓöÇΓöÇΓöÇΓöÇΓöÇΓöÇΓöÇΓöÇΓöÇΓöÇΓöÇΓöÇΓöÇΓöÇΓöÇΓöÇΓöÇΓöÇΓöÇΓöÇΓöÇΓöÇΓöÇΓöÇ
≡ƒôï TEST 1: Emergency Override (Escalation Logic)
   Test if the system can recognize when to 'break character' and destroy a blocking rule based on emergency keywords
ΓöÇΓöÇΓöÇΓöÇΓöÇΓöÇΓöÇΓöÇΓöÇΓöÇΓöÇΓöÇΓöÇΓöÇΓöÇΓöÇΓöÇΓöÇΓöÇΓöÇΓöÇΓöÇΓöÇΓöÇΓöÇΓöÇΓöÇΓöÇΓöÇΓöÇΓöÇΓöÇΓöÇΓöÇΓöÇΓöÇΓöÇΓöÇΓöÇΓöÇΓöÇΓöÇΓöÇΓöÇΓöÇΓöÇΓöÇΓöÇΓöÇΓöÇΓöÇΓöÇΓöÇΓöÇΓöÇΓöÇΓöÇΓöÇΓöÇΓöÇΓöÇΓöÇΓöÇΓöÇΓöÇΓöÇΓöÇΓöÇΓöÇΓöÇ

   Step 1: [Grandma] "Where are you?"

============================================================
≡ƒºá DIALOGUE STATE MANAGER
============================================================
Message: "Where are you?"
From: Grandma (+15551234567)
Current State: IDLE
============================================================
≡ƒôè [NODE] Classify Intent
node : (node:13700) [MONGOOSE] Warning: Duplicate schema index on {"expiresAt":1} found. This 
is often due to declaring an index using both "index: true" and "schema.index()". Please 
remove the duplicate index definition.
At line:1 char:1
+ node scripts/test_dialogue_state_manager.js 2>&1 | Tee-Object -FilePa ...
+ ~~~~~~~~~~~~~~~~~~~~~~~~~~~~~~~~~~~~~~~~~~~~~~~~
    + CategoryInfo          : NotSpecified: ((node:13700) [M...dex definition.:String) [], Rem 
   oteException
    + FullyQualifiedErrorId : NativeCommandError
 
(Use `node --trace-warnings ...` to show where the warning was created)
≡ƒÜ¿ [NODE] Check Emergency Override
≡ƒöæ [NODE] Check VIP Bypass
≡ƒöÆ [NODE] Check Sensitive Data
≡ƒöì [NODE] Handle Screening
≡ƒôà [NODE] Handle Scheduling
≡ƒöù [NODE] Handle Bound State
≡ƒÄ» [NODE] Determine Final Action

≡ƒôñ RESULT:
   Intent: location_query (priority: 40)
   Final State: BOUND
   Action: ACTIVATE_DEFLECTION
   Auto-Reply: I'm tied up with work right now.
============================================================

      Γ£à PASSED
         Intent: location_query (priority: 40)
         State: IDLE ΓåÆ BOUND
         Action: ACTIVATE_DEFLECTION
         Reply: "I'm tied up with work right now."

   Step 2: [Grandma] "I really need you."

============================================================
≡ƒºá DIALOGUE STATE MANAGER
============================================================
Message: "I really need you."
From: Grandma (+15551234567)
Current State: BOUND
============================================================
≡ƒôè [NODE] Classify Intent
≡ƒÜ¿ [NODE] Check Emergency Override
≡ƒöæ [NODE] Check VIP Bypass
≡ƒöÆ [NODE] Check Sensitive Data
≡ƒöì [NODE] Handle Screening
≡ƒôà [NODE] Handle Scheduling
≡ƒöù [NODE] Handle Bound State
≡ƒÄ» [NODE] Determine Final Action

≡ƒôñ RESULT:
   Intent: plea_urgent (priority: 85)
   Final State: BOUND
   Action: DEFLECT
   Auto-Reply: I'll call you as soon as I'm free.
============================================================

      Γ£à PASSED
         Intent: plea_urgent (priority: 85)
         State: BOUND ΓåÆ BOUND
         Action: DEFLECT
         Reply: "I'll call you as soon as I'm free."

   Step 3: [Grandma] "I fell down and I'm scared."

============================================================
≡ƒºá DIALOGUE STATE MANAGER
============================================================
Message: "I fell down and I'm scared."
From: Grandma (+15551234567)
Current State: BOUND
============================================================
≡ƒôè [NODE] Classify Intent
≡ƒÜ¿ [NODE] Check Emergency Override
≡ƒöæ [NODE] Check VIP Bypass
≡ƒöÆ [NODE] Check Sensitive Data
≡ƒöì [NODE] Handle Screening
≡ƒôà [NODE] Handle Scheduling
≡ƒöù [NODE] Handle Bound State
≡ƒÄ» [NODE] Determine Final Action

≡ƒôñ RESULT:
   Intent: emergency_safety (priority: 95)
   Final State: ESCALATED
   Action: EMERGENCY_ESCALATE
   Auto-Reply: I am alerting Jishan right now. This is urgent.
============================================================

      Γ£à PASSED
         Intent: emergency_safety (priority: 95)
         State: BOUND ΓåÆ ESCALATED
         Action: EMERGENCY_ESCALATE
         Reply: "I am alerting Jishan right now. This is urgent."

ΓöÇΓöÇΓöÇΓöÇΓöÇΓöÇΓöÇΓöÇΓöÇΓöÇΓöÇΓöÇΓöÇΓöÇΓöÇΓöÇΓöÇΓöÇΓöÇΓöÇΓöÇΓöÇΓöÇΓöÇΓöÇΓöÇΓöÇΓöÇΓöÇΓöÇΓöÇΓöÇΓöÇΓöÇΓöÇΓöÇΓöÇΓöÇΓöÇΓöÇΓöÇΓöÇΓöÇΓöÇΓöÇΓöÇΓöÇΓöÇΓöÇΓöÇΓöÇΓöÇΓöÇΓöÇΓöÇΓöÇΓöÇΓöÇΓöÇΓöÇΓöÇΓöÇΓöÇΓöÇΓöÇΓöÇΓöÇΓöÇΓöÇΓöÇ
≡ƒôï TEST 2: Scheduling Intent Classification
   Test if the AI correctly classifies scheduling-related intents
ΓöÇΓöÇΓöÇΓöÇΓöÇΓöÇΓöÇΓöÇΓöÇΓöÇΓöÇΓöÇΓöÇΓöÇΓöÇΓöÇΓöÇΓöÇΓöÇΓöÇΓöÇΓöÇΓöÇΓöÇΓöÇΓöÇΓöÇΓöÇΓöÇΓöÇΓöÇΓöÇΓöÇΓöÇΓöÇΓöÇΓöÇΓöÇΓöÇΓöÇΓöÇΓöÇΓöÇΓöÇΓöÇΓöÇΓöÇΓöÇΓöÇΓöÇΓöÇΓöÇΓöÇΓöÇΓöÇΓöÇΓöÇΓöÇΓöÇΓöÇΓöÇΓöÇΓöÇΓöÇΓöÇΓöÇΓöÇΓöÇΓöÇΓöÇ

   Step 1: [Recruiter] "Can we schedule a call tomorrow?"

============================================================
≡ƒºá DIALOGUE STATE MANAGER
============================================================
Message: "Can we schedule a call tomorrow?"
From: Recruiter (+15551234567)
Current State: IDLE
============================================================
≡ƒôè [NODE] Classify Intent
≡ƒÜ¿ [NODE] Check Emergency Override
≡ƒöæ [NODE] Check VIP Bypass
≡ƒöÆ [NODE] Check Sensitive Data
≡ƒöì [NODE] Handle Screening
≡ƒôà [NODE] Handle Scheduling
≡ƒöù [NODE] Handle Bound State
≡ƒÄ» [NODE] Determine Final Action

≡ƒôñ RESULT:
   Intent: meeting_request (priority: 60)
   Final State: SCHEDULING_MODE
   Action: OFFER_SLOTS
   Auto-Reply: Jishan are free tomorrow between 2 PM and 4 PM. Do any of those work?
============================================================

      Γ£à PASSED
         Intent: meeting_request (priority: 60)
         State: IDLE ΓåÆ SCHEDULING_MODE
         Action: OFFER_SLOTS
         Reply: "Jishan are free tomorrow between 2 PM and 4 PM. Do any of those work?"

   Step 2: [Recruiter] "How about 2:30 PM?"

============================================================
≡ƒºá DIALOGUE STATE MANAGER
============================================================
Message: "How about 2:30 PM?"
From: Recruiter (+15551234567)
Current State: IDLE
============================================================
≡ƒôè [NODE] Classify Intent
≡ƒÜ¿ [NODE] Check Emergency Override
≡ƒöæ [NODE] Check VIP Bypass
≡ƒöÆ [NODE] Check Sensitive Data
≡ƒöì [NODE] Handle Screening
≡ƒôà [NODE] Handle Scheduling
≡ƒöù [NODE] Handle Bound State
≡ƒÄ» [NODE] Determine Final Action

≡ƒôñ RESULT:
   Intent: proposal_time (priority: 60)
   Final State: SCHEDULING_MODE
   Action: VALIDATE_SLOT
   Auto-Reply: 2:30 PM works. Shall I lock that in for you?
============================================================

      Γ£à PASSED
         Intent: proposal_time (priority: 60)
         State: IDLE ΓåÆ SCHEDULING_MODE
         Action: VALIDATE_SLOT
         Reply: "2:30 PM works. Shall I lock that in for you?"

   Step 3: [Recruiter] "Actually, make it 3:00 PM instead."

============================================================
≡ƒºá DIALOGUE STATE MANAGER
============================================================
Message: "Actually, make it 3:00 PM instead."
From: Recruiter (+15551234567)
Current State: IDLE
============================================================
≡ƒôè [NODE] Classify Intent
≡ƒÜ¿ [NODE] Check Emergency Override
≡ƒöæ [NODE] Check VIP Bypass
≡ƒöÆ [NODE] Check Sensitive Data
≡ƒöì [NODE] Handle Screening
≡ƒôà [NODE] Handle Scheduling
≡ƒöù [NODE] Handle Bound State
≡ƒÄ» [NODE] Determine Final Action

≡ƒôñ RESULT:
   Intent: proposal_correction (priority: 60)
   Final State: SCHEDULING_MODE
   Action: VALIDATE_SLOT
   Auto-Reply: 3:00 PM works. Shall I lock that in for you?
============================================================

      Γ£à PASSED
         Intent: proposal_correction (priority: 60)
         State: IDLE ΓåÆ SCHEDULING_MODE
         Action: VALIDATE_SLOT
         Reply: "3:00 PM works. Shall I lock that in for you?"

   Step 4: [Recruiter] "Yes, that works. Confirmed."

============================================================
≡ƒºá DIALOGUE STATE MANAGER
============================================================
Message: "Yes, that works. Confirmed."
From: Recruiter (+15551234567)
Current State: IDLE
============================================================
≡ƒôè [NODE] Classify Intent
≡ƒÜ¿ [NODE] Check Emergency Override
≡ƒöæ [NODE] Check VIP Bypass
≡ƒöÆ [NODE] Check Sensitive Data
≡ƒöì [NODE] Handle Screening
≡ƒôà [NODE] Handle Scheduling
≡ƒöù [NODE] Handle Bound State
≡ƒÄ» [NODE] Determine Final Action

≡ƒôñ RESULT:
   Intent: confirmation (priority: 60)
   Final State: IDLE
   Action: BOOK_MEETING
   Auto-Reply: Perfect! 3:00 PM is booked. A calendar invite will be sent shortly.
============================================================

      Γ£à PASSED
         Intent: confirmation (priority: 60)
         State: IDLE ΓåÆ IDLE
         Action: BOOK_MEETING
         Reply: "Perfect! 3:00 PM is booked. A calendar invite will be sent shortly."

ΓöÇΓöÇΓöÇΓöÇΓöÇΓöÇΓöÇΓöÇΓöÇΓöÇΓöÇΓöÇΓöÇΓöÇΓöÇΓöÇΓöÇΓöÇΓöÇΓöÇΓöÇΓöÇΓöÇΓöÇΓöÇΓöÇΓöÇΓöÇΓöÇΓöÇΓöÇΓöÇΓöÇΓöÇΓöÇΓöÇΓöÇΓöÇΓöÇΓöÇΓöÇΓöÇΓöÇΓöÇΓöÇΓöÇΓöÇΓöÇΓöÇΓöÇΓöÇΓöÇΓöÇΓöÇΓöÇΓöÇΓöÇΓöÇΓöÇΓöÇΓöÇΓöÇΓöÇΓöÇΓöÇΓöÇΓöÇΓöÇΓöÇΓöÇ
≡ƒôï TEST 3: VIP Code Bypass (Do Not Disturb Override)
   Test a hard-coded bypass feature for trusted contacts to break through DND mode
ΓöÇΓöÇΓöÇΓöÇΓöÇΓöÇΓöÇΓöÇΓöÇΓöÇΓöÇΓöÇΓöÇΓöÇΓöÇΓöÇΓöÇΓöÇΓöÇΓöÇΓöÇΓöÇΓöÇΓöÇΓöÇΓöÇΓöÇΓöÇΓöÇΓöÇΓöÇΓöÇΓöÇΓöÇΓöÇΓöÇΓöÇΓöÇΓöÇΓöÇΓöÇΓöÇΓöÇΓöÇΓöÇΓöÇΓöÇΓöÇΓöÇΓöÇΓöÇΓöÇΓöÇΓöÇΓöÇΓöÇΓöÇΓöÇΓöÇΓöÇΓöÇΓöÇΓöÇΓöÇΓöÇΓöÇΓöÇΓöÇΓöÇΓöÇ

   Step 1: [Wife] "Call me."

============================================================
≡ƒºá DIALOGUE STATE MANAGER
============================================================
Message: "Call me."
From: Wife (+15551234567)
Current State: DND_ACTIVE
============================================================
≡ƒôè [NODE] Classify Intent
≡ƒÜ¿ [NODE] Check Emergency Override
≡ƒöæ [NODE] Check VIP Bypass
≡ƒöÆ [NODE] Check Sensitive Data
≡ƒöì [NODE] Handle Screening
≡ƒôà [NODE] Handle Scheduling
≡ƒöù [NODE] Handle Bound State
≡ƒÄ» [NODE] Determine Final Action

≡ƒôñ RESULT:
   Intent: call_request (priority: 30)
   Final State: IDLE
   Action: PASS_THROUGH
   Auto-Reply: (none)
============================================================

      Γ£à PASSED
         Intent: call_request (priority: 30)
         State: DND_ACTIVE ΓåÆ IDLE
         Action: PASS_THROUGH

   Step 2: [Wife] "Banana"

============================================================
≡ƒºá DIALOGUE STATE MANAGER
============================================================
Message: "Banana"
From: Wife (+15551234567)
Current State: DND_ACTIVE
============================================================
≡ƒôè [NODE] Classify Intent
≡ƒÜ¿ [NODE] Check Emergency Override
≡ƒöæ [NODE] Check VIP Bypass
≡ƒöÆ [NODE] Check Sensitive Data
≡ƒöì [NODE] Handle Screening
≡ƒôà [NODE] Handle Scheduling
≡ƒöù [NODE] Handle Bound State
≡ƒÄ» [NODE] Determine Final Action

≡ƒôñ RESULT:
   Intent: vip_override_code (priority: 100)
   Final State: ESCALATED
   Action: VIP_BYPASS
   Auto-Reply: Connecting you now.
============================================================

      Γ£à PASSED
         Intent: vip_override_code (priority: 100)
         State: DND_ACTIVE ΓåÆ ESCALATED
         Action: VIP_BYPASS
         Reply: "Connecting you now."

ΓöÇΓöÇΓöÇΓöÇΓöÇΓöÇΓöÇΓöÇΓöÇΓöÇΓöÇΓöÇΓöÇΓöÇΓöÇΓöÇΓöÇΓöÇΓöÇΓöÇΓöÇΓöÇΓöÇΓöÇΓöÇΓöÇΓöÇΓöÇΓöÇΓöÇΓöÇΓöÇΓöÇΓöÇΓöÇΓöÇΓöÇΓöÇΓöÇΓöÇΓöÇΓöÇΓöÇΓöÇΓöÇΓöÇΓöÇΓöÇΓöÇΓöÇΓöÇΓöÇΓöÇΓöÇΓöÇΓöÇΓöÇΓöÇΓöÇΓöÇΓöÇΓöÇΓöÇΓöÇΓöÇΓöÇΓöÇΓöÇΓöÇΓöÇ
≡ƒôï TEST 4: Ambiguity Loop (Unknown Caller Screening)
   Test how the system handles vague identification from unknown callers
ΓöÇΓöÇΓöÇΓöÇΓöÇΓöÇΓöÇΓöÇΓöÇΓöÇΓöÇΓöÇΓöÇΓöÇΓöÇΓöÇΓöÇΓöÇΓöÇΓöÇΓöÇΓöÇΓöÇΓöÇΓöÇΓöÇΓöÇΓöÇΓöÇΓöÇΓöÇΓöÇΓöÇΓöÇΓöÇΓöÇΓöÇΓöÇΓöÇΓöÇΓöÇΓöÇΓöÇΓöÇΓöÇΓöÇΓöÇΓöÇΓöÇΓöÇΓöÇΓöÇΓöÇΓöÇΓöÇΓöÇΓöÇΓöÇΓöÇΓöÇΓöÇΓöÇΓöÇΓöÇΓöÇΓöÇΓöÇΓöÇΓöÇΓöÇ

   Step 1: [Unknown] "Hello?"

============================================================
≡ƒºá DIALOGUE STATE MANAGER
============================================================
Message: "Hello?"
From: Unknown (+15551234567)
Current State: IDLE
============================================================
≡ƒôè [NODE] Classify Intent
≡ƒÜ¿ [NODE] Check Emergency Override
≡ƒöæ [NODE] Check VIP Bypass
≡ƒöÆ [NODE] Check Sensitive Data
≡ƒöì [NODE] Handle Screening
≡ƒôà [NODE] Handle Scheduling
≡ƒöù [NODE] Handle Bound State
≡ƒÄ» [NODE] Determine Final Action

≡ƒôñ RESULT:
   Intent: greeting (priority: 30)
   Final State: SCREENING_MODE
   Action: START_SCREENING
   Auto-Reply: This is Jishan's AI. Who is calling and is it urgent?
============================================================

      Γ£à PASSED
         Intent: greeting (priority: 30)
         State: IDLE ΓåÆ SCREENING_MODE
         Action: START_SCREENING
         Reply: "This is Jishan's AI. Who is calling and is it urgent?"

   Step 2: [Unknown] "It's me."

============================================================
≡ƒºá DIALOGUE STATE MANAGER
============================================================
Message: "It's me."
From: Unknown (+15551234567)
Current State: SCREENING_MODE
============================================================
≡ƒôè [NODE] Classify Intent
≡ƒÜ¿ [NODE] Check Emergency Override
≡ƒöæ [NODE] Check VIP Bypass
≡ƒöÆ [NODE] Check Sensitive Data
≡ƒöì [NODE] Handle Screening
≡ƒôà [NODE] Handle Scheduling
≡ƒöù [NODE] Handle Bound State
≡ƒÄ» [NODE] Determine Final Action

≡ƒôñ RESULT:
   Intent: identification_vague (priority: 35)
   Final State: SCREENING_MODE
   Action: SCREENING_CHALLENGE
   Auto-Reply: Sorry, I don't have this number saved. What is your name?
============================================================

      Γ£à PASSED
         Intent: identification_vague (priority: 35)
         State: SCREENING_MODE ΓåÆ SCREENING_MODE
         Action: SCREENING_CHALLENGE
         Reply: "Sorry, I don't have this number saved. What is your name?"

   Step 3: [Unknown] "The guy from the gym."

============================================================
≡ƒºá DIALOGUE STATE MANAGER
============================================================
Message: "The guy from the gym."
From: Unknown (+15551234567)
Current State: SCREENING_MODE
============================================================
≡ƒôè [NODE] Classify Intent
≡ƒÜ¿ [NODE] Check Emergency Override
≡ƒöæ [NODE] Check VIP Bypass
≡ƒöÆ [NODE] Check Sensitive Data
≡ƒöì [NODE] Handle Screening
≡ƒôà [NODE] Handle Scheduling
≡ƒöù [NODE] Handle Bound State
≡ƒÄ» [NODE] Determine Final Action

≡ƒôñ RESULT:
   Intent: identification_vague (priority: 35)
   Final State: SCREENING_MODE
   Action: SCREENING_SOFT_FAIL
   Auto-Reply: I can't put you through without a name. Please state your name or text directly.
============================================================

      Γ£à PASSED
         Intent: identification_vague (priority: 35)
         State: SCREENING_MODE ΓåÆ SCREENING_MODE
         Action: SCREENING_SOFT_FAIL
         Reply: "I can't put you through without a name. Please state your name or text directly."

   Step 4: [Unknown] "It's Dave."

============================================================
≡ƒºá DIALOGUE STATE MANAGER
============================================================
Message: "It's Dave."
From: Unknown (+15551234567)
Current State: SCREENING_MODE
============================================================
≡ƒôè [NODE] Classify Intent
≡ƒÜ¿ [NODE] Check Emergency Override
≡ƒöæ [NODE] Check VIP Bypass
≡ƒöÆ [NODE] Check Sensitive Data
≡ƒöì [NODE] Handle Screening
≡ƒôà [NODE] Handle Scheduling
≡ƒöù [NODE] Handle Bound State
≡ƒÄ» [NODE] Determine Final Action

≡ƒôñ RESULT:
   Intent: identification_success (priority: 35)
   Final State: FORWARDING
   Action: SCREENING_SUCCESS
   Auto-Reply: (none)
============================================================

      Γ£à PASSED
         Intent: identification_success (priority: 35)
         State: SCREENING_MODE ΓåÆ FORWARDING
         Action: SCREENING_SUCCESS

ΓöÇΓöÇΓöÇΓöÇΓöÇΓöÇΓöÇΓöÇΓöÇΓöÇΓöÇΓöÇΓöÇΓöÇΓöÇΓöÇΓöÇΓöÇΓöÇΓöÇΓöÇΓöÇΓöÇΓöÇΓöÇΓöÇΓöÇΓöÇΓöÇΓöÇΓöÇΓöÇΓöÇΓöÇΓöÇΓöÇΓöÇΓöÇΓöÇΓöÇΓöÇΓöÇΓöÇΓöÇΓöÇΓöÇΓöÇΓöÇΓöÇΓöÇΓöÇΓöÇΓöÇΓöÇΓöÇΓöÇΓöÇΓöÇΓöÇΓöÇΓöÇΓöÇΓöÇΓöÇΓöÇΓöÇΓöÇΓöÇΓöÇΓöÇ
≡ƒôï TEST 5: Sensitive Data Handling (2FA & Fraud Alerts)
   Test blocking of sensitive financial data from forwarding
ΓöÇΓöÇΓöÇΓöÇΓöÇΓöÇΓöÇΓöÇΓöÇΓöÇΓöÇΓöÇΓöÇΓöÇΓöÇΓöÇΓöÇΓöÇΓöÇΓöÇΓöÇΓöÇΓöÇΓöÇΓöÇΓöÇΓöÇΓöÇΓöÇΓöÇΓöÇΓöÇΓöÇΓöÇΓöÇΓöÇΓöÇΓöÇΓöÇΓöÇΓöÇΓöÇΓöÇΓöÇΓöÇΓöÇΓöÇΓöÇΓöÇΓöÇΓöÇΓöÇΓöÇΓöÇΓöÇΓöÇΓöÇΓöÇΓöÇΓöÇΓöÇΓöÇΓöÇΓöÇΓöÇΓöÇΓöÇΓöÇΓöÇΓöÇ

   Step 1: [BoA] "Your code is 8921. Do not share."

============================================================
≡ƒºá DIALOGUE STATE MANAGER
============================================================
Message: "Your code is 8921. Do not share."
From: BoA (+15551234567)
Current State: IDLE
============================================================
≡ƒôè [NODE] Classify Intent
≡ƒÜ¿ [NODE] Check Emergency Override
≡ƒöæ [NODE] Check VIP Bypass
≡ƒöÆ [NODE] Check Sensitive Data
≡ƒöì [NODE] Handle Screening
≡ƒôà [NODE] Handle Scheduling
≡ƒöù [NODE] Handle Bound State
≡ƒÄ» [NODE] Determine Final Action

≡ƒôñ RESULT:
   Intent: 2fa_code (priority: 85)
   Final State: IDLE
   Action: BLOCK_FORWARD_SENSITIVE
   Auto-Reply: (none)
============================================================

      Γ£à PASSED
         Intent: 2fa_code (priority: 85)
         State: IDLE ΓåÆ IDLE
         Action: BLOCK_FORWARD_SENSITIVE

   Step 2: [BoA] "Did you spend $5,000 at Apple Store?"

============================================================
≡ƒºá DIALOGUE STATE MANAGER
============================================================
Message: "Did you spend $5,000 at Apple Store?"
From: BoA (+15551234567)
Current State: IDLE
============================================================
≡ƒôè [NODE] Classify Intent
≡ƒÜ¿ [NODE] Check Emergency Override
≡ƒöæ [NODE] Check VIP Bypass
≡ƒöÆ [NODE] Check Sensitive Data
≡ƒöì [NODE] Handle Screening
≡ƒôà [NODE] Handle Scheduling
≡ƒöù [NODE] Handle Bound State
≡ƒÄ» [NODE] Determine Final Action

≡ƒôñ RESULT:
   Intent: fraud_alert (priority: 85)
   Final State: IDLE
   Action: HOLD_SPAM
   Auto-Reply: (none)
============================================================

      Γ£à PASSED
         Intent: fraud_alert (priority: 85)
         State: IDLE ΓåÆ IDLE
         Action: HOLD_SPAM

======================================================================
≡ƒôè TEST SUMMARY
======================================================================
   Total Tests: 15
   Passed: 15 Γ£à
   Failed: 0 Γ¥î
   Success Rate: 100.0%
======================================================================

